0 
0 
0 
0 
0 
0 
0 
7 0 
7 0 
7 0 
10 7 0 3 5 
1 
1 
1 
1 
1 
1 
1 
8 1 
8 1 
8 1 
2 
2 
2 
2 
2 
2 
2 
9 2 
9 2 
3 
3 
3 
3 
3 
3 
3 
4 
4 
4 
4 
4 
4 
4 
5 
5 
5 
5 
5 
6 
6 
6 
6 
6 
na
na
na
na
na
na
na
na
na
na
na
